
> automind-ai-frontend@0.1.0 build
> next build

  ▲ Next.js 14.2.35

   Creating an optimized production build ...
 ✓ Compiled successfully
   Linting and checking validity of types ...
   Collecting page data ...
   Generating static pages (0/4) ...
   Generating static pages (1/4) 
   Generating static pages (2/4) 
   Generating static pages (3/4) 
 ✓ Generating static pages (4/4)
   Finalizing page optimization ...
   Collecting build traces ...

Route (app)                              Size     First Load JS
┌ ○ /                                    9.86 kB        97.1 kB
└ ○ /_not-found                          873 B          88.1 kB
+ First Load JS shared by all            87.2 kB
  ├ chunks/117-48100dea3f43c9a0.js       31.7 kB
  ├ chunks/fd9d1056-e45c08cf48b8c4c4.js  53.6 kB
  └ other shared chunks (total)          1.86 kB


○  (Static)  prerendered as static content

